
> client@0.0.0 build
> tsc -b && vite build

src/App.tsx(15,22): error TS6133: 'setIsLoggedIn' is declared but its value is never read.
src/components/EditProfileForm.tsx(2,10): error TS1484: 'UserProfile' is a type and must be imported using a type-only import when 'verbatimModuleSyntax' is enabled.
src/components/ProfileDisplay.tsx(1,10): error TS1484: 'UserProfile' is a type and must be imported using a type-only import when 'verbatimModuleSyntax' is enabled.
src/pages/AllCoursesPage.tsx(10,3): error TS6133: 'Star' is declared but its value is never read.
